\BOOKMARK [0][-]{chapter*.9}{\376\377\000L\000i\000s\000t\000\040\000o\000f\000\040\000F\000i\000g\000u\000r\000e\000s}{}% 1
\BOOKMARK [0][-]{chapter*.11}{\376\377\000L\000i\000s\000t\000\040\000o\000f\000\040\000T\000a\000b\000l\000e\000s}{}% 2
\BOOKMARK [0][-]{chapter*.13}{\376\377\000L\000i\000s\000t\000\040\000o\000f\000\040\000C\000h\000a\000r\000t\000s}{}% 3
\BOOKMARK [0][-]{chapter*.15}{\376\377\000L\000i\000s\000t\000\040\000o\000f\000\040\000A\000l\000g\000o\000r\000i\000t\000h\000m\000s}{}% 4
\BOOKMARK [0][-]{section*.17}{\376\377\000L\000i\000s\000t\000\040\000o\000f\000\040\000A\000c\000r\000o\000n\000y\000m\000s}{}% 5
\BOOKMARK [0][-]{chapter.1}{\376\377\000I\000n\000t\000r\000o\000d\000u\000c\000t\000i\000o\000n}{}% 6
\BOOKMARK [1][-]{section.1.1}{\376\377\000R\000e\000s\000e\000a\000r\000c\000h\000\040\000P\000r\000o\000b\000l\000e\000m}{chapter.1}% 7
\BOOKMARK [1][-]{section.1.2}{\376\377\000O\000b\000j\000e\000c\000t\000i\000v\000e\000s}{chapter.1}% 8
\BOOKMARK [2][-]{subsection.1.2.1}{\376\377\000G\000e\000n\000e\000r\000a\000l\000\040\000O\000b\000j\000e\000c\000t\000i\000v\000e}{section.1.2}% 9
\BOOKMARK [2][-]{subsection.1.2.2}{\376\377\000S\000p\000e\000c\000i\000f\000i\000c\000\040\000O\000b\000j\000e\000c\000t\000i\000v\000e\000s}{section.1.2}% 10
\BOOKMARK [1][-]{section.1.3}{\376\377\000R\000e\000s\000e\000a\000r\000c\000h\000\040\000Q\000u\000e\000s\000t\000i\000o\000n\000s}{chapter.1}% 11
\BOOKMARK [1][-]{section.1.4}{\376\377\000J\000u\000s\000t\000i\000f\000i\000c\000a\000t\000i\000o\000n\000\040\000a\000n\000d\000\040\000R\000e\000s\000e\000a\000r\000c\000h\000\040\000G\000a\000p}{chapter.1}% 12
\BOOKMARK [1][-]{section.1.5}{\376\377\000E\000x\000p\000e\000c\000t\000e\000d\000\040\000C\000o\000n\000t\000r\000i\000b\000u\000t\000i\000o\000n\000s}{chapter.1}% 13
\BOOKMARK [1][-]{section.1.6}{\376\377\000R\000e\000s\000e\000a\000r\000c\000h\000\040\000M\000e\000t\000h\000o\000d\000o\000l\000o\000g\000y}{chapter.1}% 14
\BOOKMARK [1][-]{section.1.7}{\376\377\000S\000t\000r\000u\000c\000t\000u\000r\000e\000\040\000o\000f\000\040\000t\000h\000e\000\040\000D\000o\000c\000u\000m\000e\000n\000t}{chapter.1}% 15
\BOOKMARK [0][-]{chapter.2}{\376\377\000T\000h\000e\000o\000r\000e\000t\000i\000c\000a\000l\000\040\000F\000o\000u\000n\000d\000a\000t\000i\000o\000n}{}% 16
\BOOKMARK [1][-]{section.2.1}{\376\377\000P\000r\000o\000c\000e\000s\000s\000\040\000M\000i\000n\000i\000n\000g}{chapter.2}% 17
\BOOKMARK [1][-]{section.2.2}{\376\377\000M\000i\000n\000i\000n\000g\000\040\000S\000o\000f\000t\000w\000a\000r\000e\000\040\000R\000e\000p\000o\000s\000i\000t\000o\000r\000i\000e\000s}{chapter.2}% 18
\BOOKMARK [1][-]{section.2.3}{\376\377\000S\000t\000o\000c\000h\000a\000s\000t\000i\000c\000\040\000P\000r\000o\000c\000e\000s\000s\000\040\000M\000o\000d\000e\000l\000i\000n\000g\000\040\000w\000i\000t\000h\000\040\000M\000a\000r\000k\000o\000v\000\040\000C\000h\000a\000i\000n\000s}{chapter.2}% 19
\BOOKMARK [1][-]{section.2.4}{\376\377\000M\000o\000n\000t\000e\000\040\000C\000a\000r\000l\000o\000\040\000S\000i\000m\000u\000l\000a\000t\000i\000o\000n\000\040\000a\000n\000d\000\040\000P\000r\000o\000b\000a\000b\000i\000l\000i\000s\000t\000i\000c\000\040\000F\000o\000r\000e\000c\000a\000s\000t\000i\000n\000g\000\040\000M\000e\000t\000r\000i\000c\000s}{chapter.2}% 20
\BOOKMARK [1][-]{section.2.5}{\376\377\000M\000a\000c\000h\000i\000n\000e\000\040\000L\000e\000a\000r\000n\000i\000n\000g\000\040\000f\000o\000r\000\040\000S\000o\000f\000t\000w\000a\000r\000e\000\040\000E\000n\000g\000i\000n\000e\000e\000r\000i\000n\000g}{chapter.2}% 21
\BOOKMARK [1][-]{section.2.6}{\376\377\000V\000a\000r\000i\000a\000n\000t\000\040\000E\000n\000t\000r\000o\000p\000y}{chapter.2}% 22
\BOOKMARK [1][-]{section.2.7}{\376\377\000C\000h\000a\000p\000t\000e\000r\000\040\000S\000y\000n\000t\000h\000e\000s\000i\000s}{chapter.2}% 23
\BOOKMARK [0][-]{chapter.3}{\376\377\000S\000y\000s\000t\000e\000m\000a\000t\000i\000c\000\040\000L\000i\000t\000e\000r\000a\000t\000u\000r\000e\000\040\000R\000e\000v\000i\000e\000w}{}% 24
\BOOKMARK [1][-]{section.3.1}{\376\377\000I\000n\000t\000r\000o\000d\000u\000c\000t\000i\000o\000n}{chapter.3}% 25
\BOOKMARK [1][-]{section.3.2}{\376\377\000R\000e\000v\000i\000e\000w\000\040\000P\000r\000o\000t\000o\000c\000o\000l}{chapter.3}% 26
\BOOKMARK [2][-]{subsection.3.2.1}{\376\377\000R\000e\000s\000e\000a\000r\000c\000h\000\040\000Q\000u\000e\000s\000t\000i\000o\000n\000s}{section.3.2}% 27
\BOOKMARK [2][-]{subsection.3.2.2}{\376\377\000S\000e\000a\000r\000c\000h\000\040\000S\000t\000r\000a\000t\000e\000g\000y}{section.3.2}% 28
\BOOKMARK [2][-]{subsection.3.2.3}{\376\377\000I\000n\000c\000l\000u\000s\000i\000o\000n\000\040\000a\000n\000d\000\040\000E\000x\000c\000l\000u\000s\000i\000o\000n\000\040\000C\000r\000i\000t\000e\000r\000i\000a}{section.3.2}% 29
\BOOKMARK [2][-]{subsection.3.2.4}{\376\377\000Q\000u\000a\000l\000i\000t\000y\000\040\000A\000s\000s\000e\000s\000s\000m\000e\000n\000t}{section.3.2}% 30
\BOOKMARK [2][-]{subsection.3.2.5}{\376\377\000D\000a\000t\000a\000\040\000E\000x\000t\000r\000a\000c\000t\000i\000o\000n}{section.3.2}% 31
\BOOKMARK [1][-]{section.3.3}{\376\377\000S\000e\000a\000r\000c\000h\000\040\000R\000e\000s\000u\000l\000t\000s\000\040\000a\000n\000d\000\040\000S\000t\000u\000d\000y\000\040\000S\000e\000l\000e\000c\000t\000i\000o\000n}{chapter.3}% 32
\BOOKMARK [2][-]{subsection.3.3.1}{\376\377\000D\000a\000t\000a\000b\000a\000s\000e\000\040\000R\000e\000t\000r\000i\000e\000v\000a\000l\000\040\000a\000n\000d\000\040\000D\000e\000d\000u\000p\000l\000i\000c\000a\000t\000i\000o\000n}{section.3.3}% 33
\BOOKMARK [2][-]{subsection.3.3.2}{\376\377\000O\000p\000e\000r\000a\000t\000i\000o\000n\000a\000l\000\040\000W\000o\000r\000k\000i\000n\000g\000\040\000S\000e\000t\000\040\000C\000o\000n\000s\000t\000r\000u\000c\000t\000i\000o\000n}{section.3.3}% 34
\BOOKMARK [2][-]{subsection.3.3.3}{\376\377\000T\000i\000t\000l\000e\000/\000A\000b\000s\000t\000r\000a\000c\000t\000\040\000S\000c\000r\000e\000e\000n\000i\000n\000g}{section.3.3}% 35
\BOOKMARK [2][-]{subsection.3.3.4}{\376\377\000E\000l\000i\000g\000i\000b\000i\000l\000i\000t\000y\000\040\000S\000c\000r\000e\000e\000n\000i\000n\000g\000\040\000\050\000F\000u\000l\000l\000-\000T\000e\000x\000t\000\040\000/\000\040\000E\000n\000r\000i\000c\000h\000e\000d\000-\000A\000b\000s\000t\000r\000a\000c\000t\000\051}{section.3.3}% 36
\BOOKMARK [1][-]{section.3.4}{\376\377\000R\000e\000s\000u\000l\000t\000s\000\040\000a\000n\000d\000\040\000S\000y\000n\000t\000h\000e\000s\000i\000s}{chapter.3}% 37
\BOOKMARK [2][-]{subsection.3.4.1}{\376\377\000O\000v\000e\000r\000v\000i\000e\000w\000\040\000o\000f\000\040\000I\000n\000c\000l\000u\000d\000e\000d\000\040\000S\000t\000u\000d\000i\000e\000s}{section.3.4}% 38
\BOOKMARK [2][-]{subsection.3.4.2}{\376\377\000I\000n\000c\000l\000u\000s\000i\000o\000n\000\040\000C\000r\000i\000t\000e\000r\000i\000o\000n\000\040\000C\000o\000v\000e\000r\000a\000g\000e}{section.3.4}% 39
\BOOKMARK [2][-]{subsection.3.4.3}{\376\377\000P\000r\000e\000v\000a\000l\000e\000n\000t\000\040\000E\000x\000c\000l\000u\000s\000i\000o\000n\000\040\000P\000a\000t\000t\000e\000r\000n\000s}{section.3.4}% 40
\BOOKMARK [2][-]{subsection.3.4.4}{\376\377\000F\000u\000l\000l\000-\000T\000e\000x\000t\000\040\000E\000x\000t\000r\000a\000c\000t\000i\000o\000n\000\040\000a\000n\000d\000\040\000P\000D\000F\000-\000B\000a\000s\000e\000d\000\040\000T\000r\000i\000a\000n\000g\000u\000l\000a\000t\000i\000o\000n}{section.3.4}% 41
\BOOKMARK [2][-]{subsection.3.4.5}{\376\377\000R\000Q\0001\000:\000\040\000A\000p\000p\000l\000i\000c\000a\000t\000i\000o\000n\000\040\000L\000a\000n\000d\000s\000c\000a\000p\000e}{section.3.4}% 42
\BOOKMARK [2][-]{subsection.3.4.6}{\376\377\000R\000Q\0002\000:\000\040\000T\000e\000c\000h\000n\000i\000q\000u\000e\000s\000\040\000a\000n\000d\000\040\000P\000r\000e\000d\000i\000c\000t\000i\000o\000n}{section.3.4}% 43
\BOOKMARK [2][-]{subsection.3.4.7}{\376\377\000R\000Q\0003\000:\000\040\000I\000n\000t\000e\000g\000r\000a\000t\000i\000o\000n\000\040\000a\000n\000d\000\040\000G\000a\000p\000s}{section.3.4}% 44
\BOOKMARK [1][-]{section.3.5}{\376\377\000D\000i\000s\000c\000u\000s\000s\000i\000o\000n}{chapter.3}% 45
\BOOKMARK [2][-]{subsection.3.5.1}{\376\377\000R\000e\000s\000e\000a\000r\000c\000h\000\040\000G\000a\000p\000\040\000I\000d\000e\000n\000t\000i\000f\000i\000c\000a\000t\000i\000o\000n}{section.3.5}% 46
\BOOKMARK [2][-]{subsection.3.5.2}{\376\377\000P\000o\000s\000i\000t\000i\000o\000n\000i\000n\000g\000\040\000o\000f\000\040\000P\000A\000T\000H\000C\000A\000S\000T}{section.3.5}% 47
\BOOKMARK [2][-]{subsection.3.5.3}{\376\377\000P\000r\000o\000p\000o\000s\000e\000d\000\040\000T\000a\000x\000o\000n\000o\000m\000y\000:\000\040\000S\000P\000M\000F}{section.3.5}% 48
\BOOKMARK [2][-]{subsection.3.5.4}{\376\377\000R\000e\000s\000e\000a\000r\000c\000h\000\040\000A\000g\000e\000n\000d\000a}{section.3.5}% 49
\BOOKMARK [2][-]{subsection.3.5.5}{\376\377\000I\000m\000p\000l\000i\000c\000a\000t\000i\000o\000n\000s\000\040\000f\000o\000r\000\040\000P\000r\000a\000c\000t\000i\000t\000i\000o\000n\000e\000r\000s}{section.3.5}% 50
\BOOKMARK [1][-]{section.3.6}{\376\377\000T\000h\000r\000e\000a\000t\000s\000\040\000t\000o\000\040\000V\000a\000l\000i\000d\000i\000t\000y\000\040\000o\000f\000\040\000t\000h\000e\000\040\000S\000L\000R}{chapter.3}% 51
\BOOKMARK [2][-]{subsection.3.6.1}{\376\377\000C\000o\000n\000s\000t\000r\000u\000c\000t\000\040\000V\000a\000l\000i\000d\000i\000t\000y}{section.3.6}% 52
\BOOKMARK [2][-]{subsection.3.6.2}{\376\377\000I\000n\000t\000e\000r\000n\000a\000l\000\040\000V\000a\000l\000i\000d\000i\000t\000y}{section.3.6}% 53
\BOOKMARK [2][-]{subsection.3.6.3}{\376\377\000E\000x\000t\000e\000r\000n\000a\000l\000\040\000V\000a\000l\000i\000d\000i\000t\000y}{section.3.6}% 54
\BOOKMARK [2][-]{subsection.3.6.4}{\376\377\000C\000o\000n\000c\000l\000u\000s\000i\000o\000n\000\040\000V\000a\000l\000i\000d\000i\000t\000y}{section.3.6}% 55
\BOOKMARK [2][-]{subsection.3.6.5}{\376\377\000R\000e\000p\000l\000i\000c\000a\000t\000i\000o\000n\000\040\000P\000a\000c\000k\000a\000g\000e}{section.3.6}% 56
\BOOKMARK [1][-]{section.3.7}{\376\377\000C\000r\000o\000s\000s\000-\000D\000o\000m\000a\000i\000n\000\040\000S\000y\000n\000t\000h\000e\000s\000i\000s\000\040\000a\000n\000d\000\040\000G\000a\000p\000\040\000M\000a\000p}{chapter.3}% 57
\BOOKMARK [2][-]{subsection.3.7.1}{\376\377\000P\000r\000o\000c\000e\000s\000s\000\040\000M\000i\000n\000i\000n\000g\000\040\000A\000p\000p\000l\000i\000e\000d\000\040\000t\000o\000\040\000S\000D\000L\000C}{section.3.7}% 58
\BOOKMARK [2][-]{subsection.3.7.2}{\376\377\000S\000t\000o\000c\000h\000a\000s\000t\000i\000c\000\040\000F\000o\000r\000e\000c\000a\000s\000t\000i\000n\000g\000\040\000a\000n\000d\000\040\000M\000L\000\040\000f\000o\000r\000\040\000S\000E}{section.3.7}% 59
\BOOKMARK [2][-]{subsection.3.7.3}{\376\377\000G\000a\000p\000\040\000M\000a\000p}{section.3.7}% 60
\BOOKMARK [1][-]{section.3.8}{\376\377\000C\000h\000a\000p\000t\000e\000r\000\040\000S\000u\000m\000m\000a\000r\000y}{chapter.3}% 61
\BOOKMARK [0][-]{chapter.4}{\376\377\000T\000h\000e\000\040\000P\000r\000o\000p\000o\000s\000e\000d\000\040\000M\000e\000t\000h\000o\000d\000:\000\040\000P\000A\000T\000H\000C\000A\000S\000T}{}% 62
\BOOKMARK [1][-]{section.4.1}{\376\377\000A\000r\000c\000h\000i\000t\000e\000c\000t\000u\000r\000a\000l\000\040\000O\000v\000e\000r\000v\000i\000e\000w}{chapter.4}% 63
\BOOKMARK [2][-]{subsection.4.1.1}{\376\377\000P\000i\000p\000e\000l\000i\000n\000e\000\040\000D\000e\000f\000i\000n\000i\000t\000i\000o\000n}{section.4.1}% 64
\BOOKMARK [2][-]{subsection.4.1.2}{\376\377\000P\000i\000p\000e\000l\000i\000n\000e\000\040\000A\000r\000c\000h\000i\000t\000e\000c\000t\000u\000r\000e}{section.4.1}% 65
\BOOKMARK [2][-]{subsection.4.1.3}{\376\377\000D\000e\000s\000i\000g\000n\000\040\000P\000r\000i\000n\000c\000i\000p\000l\000e\000s}{section.4.1}% 66
\BOOKMARK [2][-]{subsection.4.1.4}{\376\377\000C\000o\000m\000p\000o\000n\000e\000n\000t\000\040\000V\000i\000e\000w}{section.4.1}% 67
\BOOKMARK [2][-]{subsection.4.1.5}{\376\377\000S\000t\000a\000g\000e\000\040\000C\000o\000n\000t\000r\000a\000c\000t\000s}{section.4.1}% 68
\BOOKMARK [1][-]{section.4.2}{\376\377\000S\000t\000a\000g\000e\000\040\0001\000:\000\040\000E\000v\000e\000n\000t\000\040\000L\000o\000g\000\040\000C\000o\000n\000s\000t\000r\000u\000c\000t\000i\000o\000n}{chapter.4}% 69
\BOOKMARK [2][-]{subsection.4.2.1}{\376\377\000E\000v\000e\000n\000t\000\040\000E\000x\000t\000r\000a\000c\000t\000i\000o\000n}{section.4.2}% 70
\BOOKMARK [2][-]{subsection.4.2.2}{\376\377\000C\000a\000s\000e\000\040\000C\000o\000r\000r\000e\000l\000a\000t\000i\000o\000n}{section.4.2}% 71
\BOOKMARK [2][-]{subsection.4.2.3}{\376\377\000A\000c\000t\000i\000v\000i\000t\000y\000\040\000M\000a\000p\000p\000i\000n\000g}{section.4.2}% 72
\BOOKMARK [2][-]{subsection.4.2.4}{\376\377\000E\000v\000e\000n\000t\000\040\000L\000o\000g\000\040\000F\000o\000r\000m\000a\000t\000t\000i\000n\000g\000\040\000a\000n\000d\000\040\000F\000i\000l\000t\000e\000r\000i\000n\000g}{section.4.2}% 73
\BOOKMARK [2][-]{subsection.4.2.5}{\376\377\000L\000o\000g\000\040\000Q\000u\000a\000l\000i\000t\000y\000\040\000A\000s\000s\000e\000s\000s\000m\000e\000n\000t}{section.4.2}% 74
\BOOKMARK [1][-]{section.4.3}{\376\377\000S\000t\000a\000g\000e\000\040\0002\000:\000\040\000P\000r\000o\000c\000e\000s\000s\000\040\000M\000i\000n\000i\000n\000g}{chapter.4}% 75
\BOOKMARK [2][-]{subsection.4.3.1}{\376\377\000V\000a\000r\000i\000a\000n\000t\000\040\000E\000n\000t\000r\000o\000p\000y}{section.4.3}% 76
\BOOKMARK [2][-]{subsection.4.3.2}{\376\377\000P\000r\000o\000c\000e\000s\000s\000\040\000D\000i\000s\000c\000o\000v\000e\000r\000y}{section.4.3}% 77
\BOOKMARK [2][-]{subsection.4.3.3}{\376\377\000C\000o\000n\000f\000o\000r\000m\000a\000n\000c\000e\000\040\000C\000h\000e\000c\000k\000i\000n\000g}{section.4.3}% 78
\BOOKMARK [2][-]{subsection.4.3.4}{\376\377\000P\000e\000r\000f\000o\000r\000m\000a\000n\000c\000e\000\040\000E\000n\000h\000a\000n\000c\000e\000m\000e\000n\000t}{section.4.3}% 79
\BOOKMARK [2][-]{subsection.4.3.5}{\376\377\000S\000t\000a\000t\000e\000\040\000S\000p\000a\000c\000e\000\040\000E\000x\000t\000r\000a\000c\000t\000i\000o\000n}{section.4.3}% 80
\BOOKMARK [1][-]{section.4.4}{\376\377\000S\000t\000a\000g\000e\000\040\0003\000:\000\040\000S\000t\000o\000c\000h\000a\000s\000t\000i\000c\000\040\000M\000o\000d\000e\000l\000i\000n\000g}{chapter.4}% 81
\BOOKMARK [2][-]{subsection.4.4.1}{\376\377\000T\000r\000a\000n\000s\000i\000t\000i\000o\000n\000\040\000C\000o\000u\000n\000t\000i\000n\000g}{section.4.4}% 82
\BOOKMARK [2][-]{subsection.4.4.2}{\376\377\000M\000a\000x\000i\000m\000u\000m\000\040\000L\000i\000k\000e\000l\000i\000h\000o\000o\000d\000\040\000E\000s\000t\000i\000m\000a\000t\000i\000o\000n}{section.4.4}% 83
\BOOKMARK [2][-]{subsection.4.4.3}{\376\377\000C\000o\000n\000f\000i\000d\000e\000n\000c\000e\000\040\000A\000s\000s\000e\000s\000s\000m\000e\000n\000t}{section.4.4}% 84
\BOOKMARK [2][-]{subsection.4.4.4}{\376\377\000M\000a\000r\000k\000o\000v\000-\000O\000r\000d\000e\000r\000\040\000V\000a\000l\000i\000d\000a\000t\000i\000o\000n}{section.4.4}% 85
\BOOKMARK [2][-]{subsection.4.4.5}{\376\377\000A\000b\000s\000o\000r\000b\000i\000n\000g\000\040\000C\000h\000a\000i\000n\000\040\000D\000e\000c\000o\000m\000p\000o\000s\000i\000t\000i\000o\000n}{section.4.4}% 86
\BOOKMARK [2][-]{subsection.4.4.6}{\376\377\000E\000m\000p\000i\000r\000i\000c\000a\000l\000\040\000S\000o\000j\000o\000u\000r\000n\000\040\000T\000i\000m\000e\000\040\000D\000i\000s\000t\000r\000i\000b\000u\000t\000i\000o\000n\000s}{section.4.4}% 87
\BOOKMARK [2][-]{subsection.4.4.7}{\376\377\000E\000x\000p\000e\000c\000t\000e\000d\000\040\000O\000c\000c\000u\000p\000a\000n\000c\000y\000\040\000D\000i\000s\000t\000r\000i\000b\000u\000t\000i\000o\000n\000\040\000a\000n\000d\000\040\000W\000I\000P\000\040\000A\000n\000a\000l\000y\000s\000i\000s}{section.4.4}% 88
\BOOKMARK [2][-]{subsection.4.4.8}{\376\377\000R\000e\000w\000o\000r\000k\000\040\000A\000n\000a\000l\000y\000s\000i\000s}{section.4.4}% 89
\BOOKMARK [2][-]{subsection.4.4.9}{\376\377\000N\000u\000m\000e\000r\000i\000c\000a\000l\000\040\000E\000x\000a\000m\000p\000l\000e}{section.4.4}% 90
\BOOKMARK [1][-]{section.4.5}{\376\377\000S\000t\000a\000g\000e\000\040\0004\000:\000\040\000M\000o\000n\000t\000e\000\040\000C\000a\000r\000l\000o\000\040\000S\000i\000m\000u\000l\000a\000t\000i\000o\000n}{chapter.4}% 91
\BOOKMARK [2][-]{subsection.4.5.1}{\376\377\000S\000i\000m\000u\000l\000a\000t\000i\000o\000n\000\040\000A\000l\000g\000o\000r\000i\000t\000h\000m}{section.4.5}% 92
\BOOKMARK [2][-]{subsection.4.5.2}{\376\377\000F\000o\000r\000e\000c\000a\000s\000t\000\040\000E\000x\000t\000r\000a\000c\000t\000i\000o\000n}{section.4.5}% 93
\BOOKMARK [2][-]{subsection.4.5.3}{\376\377\000C\000o\000n\000v\000e\000r\000g\000e\000n\000c\000e\000\040\000a\000n\000d\000\040\000S\000i\000m\000u\000l\000a\000t\000i\000o\000n\000\040\000B\000u\000d\000g\000e\000t}{section.4.5}% 94
\BOOKMARK [2][-]{subsection.4.5.4}{\376\377\000R\000e\000p\000r\000o\000d\000u\000c\000i\000b\000i\000l\000i\000t\000y}{section.4.5}% 95
\BOOKMARK [2][-]{subsection.4.5.5}{\376\377\000C\000o\000m\000p\000a\000r\000i\000s\000o\000n\000\040\000w\000i\000t\000h\000\040\000T\000h\000r\000o\000u\000g\000h\000p\000u\000t\000-\000B\000a\000s\000e\000d\000\040\000M\000o\000n\000t\000e\000\040\000C\000a\000r\000l\000o}{section.4.5}% 96
\BOOKMARK [1][-]{section.4.6}{\376\377\000M\000a\000c\000h\000i\000n\000e\000\040\000L\000e\000a\000r\000n\000i\000n\000g\000\040\000E\000n\000h\000a\000n\000c\000e\000m\000e\000n\000t\000\040\000C\000o\000m\000p\000o\000n\000e\000n\000t}{chapter.4}% 97
\BOOKMARK [2][-]{subsection.4.6.1}{\376\377\000F\000e\000a\000t\000u\000r\000e\000\040\000E\000n\000g\000i\000n\000e\000e\000r\000i\000n\000g}{section.4.6}% 98
\BOOKMARK [2][-]{subsection.4.6.2}{\376\377\000L\000a\000b\000e\000l\000\040\000C\000o\000n\000s\000t\000r\000u\000c\000t\000i\000o\000n}{section.4.6}% 99
\BOOKMARK [2][-]{subsection.4.6.3}{\376\377\000T\000r\000a\000i\000n\000i\000n\000g\000\040\000P\000r\000o\000t\000o\000c\000o\000l}{section.4.6}% 100
\BOOKMARK [2][-]{subsection.4.6.4}{\376\377\000I\000n\000t\000e\000g\000r\000a\000t\000i\000o\000n\000\040\000w\000i\000t\000h\000\040\000M\000o\000n\000t\000e\000\040\000C\000a\000r\000l\000o\000\040\000F\000o\000r\000e\000c\000a\000s\000t\000s}{section.4.6}% 101
\BOOKMARK [1][-]{section.4.7}{\376\377\000P\000i\000p\000e\000l\000i\000n\000e\000\040\000I\000n\000t\000e\000g\000r\000a\000t\000i\000o\000n}{chapter.4}% 102
\BOOKMARK [1][-]{section.4.8}{\376\377\000F\000o\000r\000m\000a\000l\000\040\000P\000r\000o\000p\000e\000r\000t\000i\000e\000s\000\040\000a\000n\000d\000\040\000T\000h\000e\000o\000r\000e\000t\000i\000c\000a\000l\000\040\000G\000u\000a\000r\000a\000n\000t\000e\000e\000s}{chapter.4}% 103
\BOOKMARK [2][-]{subsection.4.8.1}{\376\377\000S\000t\000a\000t\000i\000s\000t\000i\000c\000a\000l\000\040\000C\000o\000n\000s\000i\000s\000t\000e\000n\000c\000y}{section.4.8}% 104
\BOOKMARK [2][-]{subsection.4.8.2}{\376\377\000C\000a\000l\000i\000b\000r\000a\000t\000i\000o\000n\000\040\000P\000r\000o\000p\000e\000r\000t\000y}{section.4.8}% 105
\BOOKMARK [2][-]{subsection.4.8.3}{\376\377\000I\000n\000f\000o\000r\000m\000a\000t\000i\000o\000n\000-\000T\000h\000e\000o\000r\000e\000t\000i\000c\000\040\000A\000d\000v\000a\000n\000t\000a\000g\000e\000\040\000o\000f\000\040\000P\000r\000o\000c\000e\000s\000s\000\040\000A\000w\000a\000r\000e\000n\000e\000s\000s}{section.4.8}% 106
\BOOKMARK [2][-]{subsection.4.8.4}{\376\377\000C\000o\000m\000p\000l\000e\000x\000i\000t\000y\000\040\000A\000n\000a\000l\000y\000s\000i\000s}{section.4.8}% 107
\BOOKMARK [2][-]{subsection.4.8.5}{\376\377\000A\000s\000s\000u\000m\000p\000t\000i\000o\000n\000s\000\040\000a\000n\000d\000\040\000B\000o\000u\000n\000d\000a\000r\000y\000\040\000C\000o\000n\000d\000i\000t\000i\000o\000n\000s}{section.4.8}% 108
\BOOKMARK [1][-]{section.4.9}{\376\377\000C\000h\000a\000p\000t\000e\000r\000\040\000S\000u\000m\000m\000a\000r\000y}{chapter.4}% 109
\BOOKMARK [0][-]{chapter.5}{\376\377\000R\000e\000s\000e\000a\000r\000c\000h\000\040\000M\000e\000t\000h\000o\000d\000o\000l\000o\000g\000y}{}% 110
\BOOKMARK [1][-]{section.5.1}{\376\377\000D\000e\000s\000i\000g\000n\000\040\000S\000c\000i\000e\000n\000c\000e\000\040\000R\000e\000s\000e\000a\000r\000c\000h\000\040\000P\000a\000r\000a\000d\000i\000g\000m}{chapter.5}% 111
\BOOKMARK [2][-]{subsection.5.1.1}{\376\377\000D\000S\000R\000\040\000A\000r\000t\000i\000f\000a\000c\000t\000\040\000C\000h\000a\000r\000a\000c\000t\000e\000r\000i\000z\000a\000t\000i\000o\000n}{section.5.1}% 112
\BOOKMARK [2][-]{subsection.5.1.2}{\376\377\000D\000S\000R\000M\000\040\000P\000r\000o\000c\000e\000s\000s\000\040\000I\000n\000s\000t\000a\000n\000t\000i\000a\000t\000i\000o\000n}{section.5.1}% 113
\BOOKMARK [2][-]{subsection.5.1.3}{\376\377\000D\000S\000R\000\040\000K\000n\000o\000w\000l\000e\000d\000g\000e\000\040\000C\000o\000n\000t\000r\000i\000b\000u\000t\000i\000o\000n}{section.5.1}% 114
\BOOKMARK [1][-]{section.5.2}{\376\377\000D\000a\000t\000a\000s\000e\000t\000\040\000D\000e\000s\000c\000r\000i\000p\000t\000i\000o\000n}{chapter.5}% 115
\BOOKMARK [2][-]{subsection.5.2.1}{\376\377\000D\000a\000t\000a\000s\000e\000t\000\040\000R\000a\000t\000i\000o\000n\000a\000l\000e}{section.5.2}% 116
\BOOKMARK [2][-]{subsection.5.2.2}{\376\377\000R\000e\000p\000o\000s\000i\000t\000o\000r\000y\000\040\000S\000e\000l\000e\000c\000t\000i\000o\000n\000\040\000C\000r\000i\000t\000e\000r\000i\000a}{section.5.2}% 117
\BOOKMARK [2][-]{subsection.5.2.3}{\376\377\000S\000e\000l\000e\000c\000t\000i\000o\000n\000\040\000P\000r\000o\000c\000e\000s\000s}{section.5.2}% 118
\BOOKMARK [2][-]{subsection.5.2.4}{\376\377\000D\000a\000t\000a\000\040\000C\000o\000l\000l\000e\000c\000t\000i\000o\000n}{section.5.2}% 119
\BOOKMARK [2][-]{subsection.5.2.5}{\376\377\000D\000a\000t\000a\000s\000e\000t\000\040\000D\000e\000s\000c\000r\000i\000p\000t\000i\000v\000e\000\040\000S\000t\000a\000t\000i\000s\000t\000i\000c\000s}{section.5.2}% 120
\BOOKMARK [2][-]{subsection.5.2.6}{\376\377\000E\000t\000h\000i\000c\000a\000l\000\040\000C\000o\000n\000s\000i\000d\000e\000r\000a\000t\000i\000o\000n\000s}{section.5.2}% 121
\BOOKMARK [1][-]{section.5.3}{\376\377\000E\000x\000p\000e\000r\000i\000m\000e\000n\000t\000a\000l\000\040\000D\000e\000s\000i\000g\000n}{chapter.5}% 122
\BOOKMARK [2][-]{subsection.5.3.1}{\376\377\000E\0001\000:\000\040\000P\000i\000p\000e\000l\000i\000n\000e\000\040\000V\000a\000l\000i\000d\000a\000t\000i\000o\000n}{section.5.3}% 123
\BOOKMARK [2][-]{subsection.5.3.2}{\376\377\000E\0002\000:\000\040\000F\000o\000r\000e\000c\000a\000s\000t\000i\000n\000g\000\040\000A\000c\000c\000u\000r\000a\000c\000y}{section.5.3}% 124
\BOOKMARK [1][-]{section.5.4}{\376\377\000E\000v\000a\000l\000u\000a\000t\000i\000o\000n\000\040\000M\000e\000t\000r\000i\000c\000s}{chapter.5}% 125
\BOOKMARK [2][-]{subsection.5.4.1}{\376\377\000M\000e\000t\000r\000i\000c\000s\000\040\000f\000o\000r\000\040\000R\000Q\0001\000:\000\040\000E\000v\000e\000n\000t\000\040\000L\000o\000g\000\040\000a\000n\000d\000\040\000P\000r\000o\000c\000e\000s\000s\000\040\000M\000o\000d\000e\000l\000\040\000Q\000u\000a\000l\000i\000t\000y}{section.5.4}% 126
\BOOKMARK [2][-]{subsection.5.4.2}{\376\377\000M\000e\000t\000r\000i\000c\000s\000\040\000f\000o\000r\000\040\000R\000Q\0002\000:\000\040\000S\000t\000o\000c\000h\000a\000s\000t\000i\000c\000\040\000F\000o\000r\000e\000c\000a\000s\000t\000i\000n\000g\000\040\000A\000c\000c\000u\000r\000a\000c\000y}{section.5.4}% 127
\BOOKMARK [2][-]{subsection.5.4.3}{\376\377\000M\000e\000t\000r\000i\000c\000s\000\040\000f\000o\000r\000\040\000R\000Q\0003\000:\000\040\000M\000L\000\040\000F\000e\000a\000t\000u\000r\000e\000\040\000C\000o\000m\000p\000a\000r\000i\000s\000o\000n}{section.5.4}% 128
\BOOKMARK [1][-]{section.5.5}{\376\377\000B\000a\000s\000e\000l\000i\000n\000e\000\040\000M\000e\000t\000h\000o\000d\000s}{chapter.5}% 129
\BOOKMARK [1][-]{section.5.6}{\376\377\000S\000t\000a\000t\000i\000s\000t\000i\000c\000a\000l\000\040\000A\000n\000a\000l\000y\000s\000i\000s\000\040\000P\000r\000o\000c\000e\000d\000u\000r\000e\000s}{chapter.5}% 130
\BOOKMARK [2][-]{subsection.5.6.1}{\376\377\000S\000t\000a\000t\000i\000s\000t\000i\000c\000a\000l\000\040\000H\000y\000p\000o\000t\000h\000e\000s\000e\000s}{section.5.6}% 131
\BOOKMARK [2][-]{subsection.5.6.2}{\376\377\000W\000i\000t\000h\000i\000n\000-\000R\000e\000p\000o\000s\000i\000t\000o\000r\000y\000\040\000C\000o\000m\000p\000a\000r\000i\000s\000o\000n}{section.5.6}% 132
\BOOKMARK [2][-]{subsection.5.6.3}{\376\377\000C\000r\000o\000s\000s\000-\000R\000e\000p\000o\000s\000i\000t\000o\000r\000y\000\040\000A\000g\000g\000r\000e\000g\000a\000t\000i\000o\000n}{section.5.6}% 133
\BOOKMARK [2][-]{subsection.5.6.4}{\376\377\000S\000t\000a\000t\000i\000s\000t\000i\000c\000a\000l\000\040\000P\000o\000w\000e\000r\000\040\000A\000n\000a\000l\000y\000s\000i\000s}{section.5.6}% 134
\BOOKMARK [2][-]{subsection.5.6.5}{\376\377\000R\000e\000p\000o\000r\000t\000i\000n\000g\000\040\000S\000t\000a\000n\000d\000a\000r\000d\000s}{section.5.6}% 135
\BOOKMARK [1][-]{section.5.7}{\376\377\000T\000h\000r\000e\000a\000t\000s\000\040\000t\000o\000\040\000V\000a\000l\000i\000d\000i\000t\000y}{chapter.5}% 136
\BOOKMARK [2][-]{subsection.5.7.1}{\376\377\000I\000n\000t\000e\000r\000n\000a\000l\000\040\000V\000a\000l\000i\000d\000i\000t\000y}{section.5.7}% 137
\BOOKMARK [2][-]{subsection.5.7.2}{\376\377\000E\000x\000t\000e\000r\000n\000a\000l\000\040\000V\000a\000l\000i\000d\000i\000t\000y}{section.5.7}% 138
\BOOKMARK [2][-]{subsection.5.7.3}{\376\377\000C\000o\000n\000s\000t\000r\000u\000c\000t\000\040\000V\000a\000l\000i\000d\000i\000t\000y}{section.5.7}% 139
\BOOKMARK [2][-]{subsection.5.7.4}{\376\377\000C\000o\000n\000c\000l\000u\000s\000i\000o\000n\000\040\000V\000a\000l\000i\000d\000i\000t\000y}{section.5.7}% 140
\BOOKMARK [1][-]{section.5.8}{\376\377\000C\000h\000a\000p\000t\000e\000r\000\040\000S\000u\000m\000m\000a\000r\000y}{chapter.5}% 141
\BOOKMARK [0][-]{chapter.6}{\376\377\000I\000m\000p\000l\000e\000m\000e\000n\000t\000a\000t\000i\000o\000n}{}% 142
\BOOKMARK [1][-]{section.6.1}{\376\377\000S\000o\000f\000t\000w\000a\000r\000e\000\040\000A\000r\000c\000h\000i\000t\000e\000c\000t\000u\000r\000e}{chapter.6}% 143
\BOOKMARK [1][-]{section.6.2}{\376\377\000S\000t\000a\000g\000e\000\040\0001\000:\000\040\000E\000v\000e\000n\000t\000\040\000L\000o\000g\000\040\000C\000o\000n\000s\000t\000r\000u\000c\000t\000i\000o\000n}{chapter.6}% 144
\BOOKMARK [2][-]{subsection.6.2.1}{\376\377\000P\000r\000e\000l\000i\000m\000i\000n\000a\000r\000y\000\040\000h\000a\000r\000v\000e\000s\000t\000\040\000s\000t\000a\000t\000i\000s\000t\000i\000c\000s}{section.6.2}% 145
\BOOKMARK [1][-]{section.6.3}{\376\377\000I\000n\000t\000e\000r\000i\000m\000\040\000D\000a\000t\000a\000\040\000A\000r\000t\000i\000f\000a\000c\000t\000s}{chapter.6}% 146
\BOOKMARK [1][-]{section.6.4}{\376\377\000P\000r\000e\000l\000i\000m\000i\000n\000a\000r\000y\000\040\000E\0001\000\040\000F\000e\000a\000s\000i\000b\000i\000l\000i\000t\000y\000\040\000P\000i\000l\000o\000t}{chapter.6}% 147
\BOOKMARK [2][-]{subsection.6.4.1}{\376\377\000E\0001\000\040\000b\000a\000t\000c\000h\000\040\000o\000n\000\040\000t\000e\000n\000\040\000r\000e\000p\000r\000e\000s\000e\000n\000t\000a\000t\000i\000v\000e\000\040\000r\000e\000p\000o\000s\000i\000t\000o\000r\000i\000e\000s}{section.6.4}% 148
\BOOKMARK [1][-]{section.6.5}{\376\377\000C\000o\000n\000f\000i\000d\000e\000n\000t\000i\000a\000l\000\040\000O\000r\000g\000a\000n\000i\000s\000a\000t\000i\000o\000n\000a\000l\000\040\000D\000a\000t\000a}{chapter.6}% 149
\BOOKMARK [1][-]{section.6.6}{\376\377\000I\000m\000p\000l\000e\000m\000e\000n\000t\000a\000t\000i\000o\000n\000\040\000R\000o\000a\000d\000m\000a\000p}{chapter.6}% 150
\BOOKMARK [0][-]{section*.79}{\376\377\000R\000e\000f\000e\000r\000e\000n\000c\000e\000s}{}% 151
\BOOKMARK [0][-]{appendix.A}{\376\377\000M\000a\000r\000k\000o\000v\000\040\000C\000h\000a\000i\000n\000\040\000D\000e\000r\000i\000v\000a\000t\000i\000o\000n\000s}{}% 152
\BOOKMARK [1][-]{section.A.1}{\376\377\000T\000h\000e\000\040\000F\000u\000n\000d\000a\000m\000e\000n\000t\000a\000l\000\040\000M\000a\000t\000r\000i\000x\000\040\000I\000d\000e\000n\000t\000i\000t\000y}{appendix.A}% 153
\BOOKMARK [1][-]{section.A.2}{\376\377\000E\000x\000p\000e\000c\000t\000e\000d\000\040\000S\000t\000e\000p\000s\000\040\000t\000o\000\040\000A\000b\000s\000o\000r\000p\000t\000i\000o\000n}{appendix.A}% 154
\BOOKMARK [1][-]{section.A.3}{\376\377\000V\000a\000r\000i\000a\000n\000c\000e\000\040\000o\000f\000\040\000A\000b\000s\000o\000r\000p\000t\000i\000o\000n\000\040\000T\000i\000m\000e}{appendix.A}% 155
\BOOKMARK [1][-]{section.A.4}{\376\377\000A\000b\000s\000o\000r\000p\000t\000i\000o\000n\000\040\000P\000r\000o\000b\000a\000b\000i\000l\000i\000t\000i\000e\000s}{appendix.A}% 156
\BOOKMARK [1][-]{section.A.5}{\376\377\000B\000a\000y\000e\000s\000i\000a\000n\000\040\000E\000s\000t\000i\000m\000a\000t\000i\000o\000n\000\040\000a\000n\000d\000\040\000L\000a\000p\000l\000a\000c\000e\000\040\000S\000m\000o\000o\000t\000h\000i\000n\000g}{appendix.A}% 157
\BOOKMARK [1][-]{section.A.6}{\376\377\000S\000e\000m\000i\000-\000M\000a\000r\000k\000o\000v\000\040\000C\000o\000n\000n\000e\000c\000t\000i\000o\000n}{appendix.A}% 158
\BOOKMARK [1][-]{section.A.7}{\376\377\000N\000u\000m\000e\000r\000i\000c\000a\000l\000\040\000E\000x\000a\000m\000p\000l\000e\000:\000\040\000S\000i\000x\000-\000S\000t\000a\000t\000e\000\040\000S\000D\000L\000C\000\040\000C\000h\000a\000i\000n}{appendix.A}% 159
\BOOKMARK [0][-]{appendix.B}{\376\377\000P\000r\000o\000b\000a\000b\000i\000l\000i\000s\000t\000i\000c\000\040\000M\000e\000t\000r\000i\000c\000\040\000D\000e\000r\000i\000v\000a\000t\000i\000o\000n\000s}{}% 160
\BOOKMARK [1][-]{section.B.1}{\376\377\000C\000R\000P\000S\000:\000\040\000D\000e\000f\000i\000n\000i\000t\000i\000o\000n\000\040\000a\000n\000d\000\040\000E\000q\000u\000i\000v\000a\000l\000e\000n\000t\000\040\000F\000o\000r\000m\000s}{appendix.B}% 161
\BOOKMARK [1][-]{section.B.2}{\376\377\000P\000r\000o\000p\000r\000i\000e\000t\000y\000\040\000o\000f\000\040\000C\000R\000P\000S}{appendix.B}% 162
\BOOKMARK [1][-]{section.B.3}{\376\377\000C\000R\000P\000S\040\023\000M\000A\000E\000\040\000R\000e\000l\000a\000t\000i\000o\000n\000s\000h\000i\000p}{appendix.B}% 163
\BOOKMARK [1][-]{section.B.4}{\376\377\000C\000a\000l\000i\000b\000r\000a\000t\000i\000o\000n\000\040\000a\000n\000d\000\040\000t\000h\000e\000\040\000A\000g\000g\000r\000e\000g\000a\000t\000e\000\040\000C\000a\000l\000i\000b\000r\000a\000t\000i\000o\000n\000\040\000E\000r\000r\000o\000r}{appendix.B}% 164
\BOOKMARK [1][-]{section.B.5}{\376\377\000W\000o\000r\000k\000e\000d\000\040\000N\000u\000m\000e\000r\000i\000c\000a\000l\000\040\000E\000x\000a\000m\000p\000l\000e\000s}{appendix.B}% 165
\BOOKMARK [0][-]{appendix.C}{\376\377\000P\000r\000o\000c\000e\000s\000s\000\040\000M\000i\000n\000i\000n\000g\000\040\000A\000l\000g\000o\000r\000i\000t\000h\000m\000i\000c\000\040\000D\000e\000t\000a\000i\000l\000s}{}% 166
\BOOKMARK [1][-]{section.C.1}{\376\377\000I\000n\000d\000u\000c\000t\000i\000v\000e\000\040\000M\000i\000n\000e\000r\000\040\000I\000n\000t\000e\000r\000n\000a\000l\000s}{appendix.C}% 167
\BOOKMARK [1][-]{section.C.2}{\376\377\000A\000l\000i\000g\000n\000m\000e\000n\000t\000-\000B\000a\000s\000e\000d\000\040\000C\000o\000n\000f\000o\000r\000m\000a\000n\000c\000e\000\040\000C\000h\000e\000c\000k\000i\000n\000g}{appendix.C}% 168
\BOOKMARK [1][-]{section.C.3}{\376\377\000F\000i\000t\000n\000e\000s\000s\000,\000\040\000P\000r\000e\000c\000i\000s\000i\000o\000n\000,\000\040\000a\000n\000d\000\040\000G\000e\000n\000e\000r\000a\000l\000i\000z\000a\000t\000i\000o\000n}{appendix.C}% 169
\BOOKMARK [1][-]{section.C.4}{\376\377\000W\000o\000r\000k\000e\000d\000\040\000E\000x\000a\000m\000p\000l\000e}{appendix.C}% 170
\BOOKMARK [0][-]{appendix.D}{\376\377\000E\000n\000d\000-\000t\000o\000-\000E\000n\000d\000\040\000W\000a\000l\000k\000t\000h\000r\000o\000u\000g\000h\000\040\000E\000x\000a\000m\000p\000l\000e}{}% 171
\BOOKMARK [1][-]{section.D.1}{\376\377\000S\000y\000n\000t\000h\000e\000t\000i\000c\000\040\000E\000v\000e\000n\000t\000\040\000L\000o\000g}{appendix.D}% 172
\BOOKMARK [1][-]{section.D.2}{\376\377\000P\000r\000o\000c\000e\000s\000s\000\040\000D\000i\000s\000c\000o\000v\000e\000r\000y}{appendix.D}% 173
\BOOKMARK [1][-]{section.D.3}{\376\377\000M\000a\000r\000k\000o\000v\000\040\000E\000s\000t\000i\000m\000a\000t\000i\000o\000n}{appendix.D}% 174
\BOOKMARK [1][-]{section.D.4}{\376\377\000M\000o\000n\000t\000e\000\040\000C\000a\000r\000l\000o\000\040\000S\000i\000m\000u\000l\000a\000t\000i\000o\000n}{appendix.D}% 175
\BOOKMARK [1][-]{section.D.5}{\376\377\000C\000r\000o\000s\000s\000-\000V\000a\000l\000i\000d\000a\000t\000i\000o\000n\000\040\000A\000g\000a\000i\000n\000s\000t\000\040\000A\000n\000a\000l\000y\000t\000i\000c\000a\000l\000\040\000R\000e\000s\000u\000l\000t\000s}{appendix.D}% 176
\BOOKMARK [1][-]{section.D.6}{\376\377\000M\000L\000\040\000F\000e\000a\000t\000u\000r\000e\000\040\000C\000o\000n\000s\000t\000r\000u\000c\000t\000i\000o\000n}{appendix.D}% 177
\BOOKMARK [0][-]{appendix.E}{\376\377\000S\000e\000a\000r\000c\000h\000\040\000P\000r\000o\000t\000o\000c\000o\000l\000:\000\040\000S\000e\000a\000r\000c\000h\000\040\000S\000t\000r\000i\000n\000g\000s}{}% 178
\BOOKMARK [1][-]{section.E.1}{\376\377\000S\000e\000a\000r\000c\000h\000\040\000S\000t\000r\000i\000n\000g\000\040\000S\000u\000m\000m\000a\000r\000y\000\040\000b\000y\000\040\000D\000a\000t\000a\000b\000a\000s\000e}{appendix.E}% 179
\BOOKMARK [1][-]{section.E.2}{\376\377\000S\000t\000r\000i\000n\000g\000\040\000S\0001\000\040\040\024\000\040\000P\000r\000i\000n\000c\000i\000p\000a\000l\000\040\000\050\000P\000\040\042\047\000I\000\051}{appendix.E}% 180
\BOOKMARK [1][-]{section.E.3}{\376\377\000S\000t\000r\000i\000n\000g\000\040\000S\0002\000\040\040\024\000\040\000C\000o\000m\000p\000l\000e\000m\000e\000n\000t\000a\000r\000y\000\040\000\050\000M\000S\000R\000\040\041\222\000\040\000P\000r\000o\000c\000e\000s\000s\000\040\000M\000o\000d\000e\000l\000l\000i\000n\000g\000\051}{appendix.E}% 181
\BOOKMARK [1][-]{section.E.4}{\376\377\000S\000t\000r\000i\000n\000g\000\040\000S\0003\000\040\040\024\000\040\000F\000r\000o\000n\000t\000i\000e\000r\000\040\000\050\000S\000t\000o\000c\000h\000a\000s\000t\000i\000c\000\040\042\047\000\040\000P\000M\000\040\042\047\000\040\000S\000E\000\051}{appendix.E}% 182
\BOOKMARK [1][-]{section.E.5}{\376\377\000S\000t\000r\000i\000n\000g\000\040\000S\0004\000\040\040\024\000\040\000M\000a\000r\000k\000o\000v\000\040\000i\000n\000\040\000S\000o\000f\000t\000w\000a\000r\000e\000\040\000T\000e\000s\000t\000i\000n\000g\000\040\000\050\000S\000c\000o\000p\000u\000s\000\040\000s\000u\000p\000p\000l\000e\000m\000e\000n\000t\000\051}{appendix.E}% 183
\BOOKMARK [0][-]{appendix.F}{\376\377\000L\000L\000M\000\040\000S\000c\000r\000e\000e\000n\000i\000n\000g\000\040\000P\000r\000o\000m\000p\000t\000s}{}% 184
\BOOKMARK [1][-]{section.F.1}{\376\377\000P\000h\000a\000s\000e\000\040\0001\000:\000\040\000T\000i\000t\000l\000e\000/\000A\000b\000s\000t\000r\000a\000c\000t\000\040\000S\000c\000r\000e\000e\000n\000i\000n\000g}{appendix.F}% 185
\BOOKMARK [1][-]{section.F.2}{\376\377\000P\000h\000a\000s\000e\000\040\0002\000:\000\040\000F\000u\000l\000l\000-\000T\000e\000x\000t\000\040\000S\000c\000r\000e\000e\000n\000i\000n\000g}{appendix.F}% 186
\BOOKMARK [1][-]{section.F.3}{\376\377\000P\000h\000a\000s\000e\000\040\0002\000b\000:\000\040\000S\000c\000r\000e\000e\000n\000-\000B\000l\000a\000n\000k\000s\000\040\000P\000a\000s\000s}{appendix.F}% 187
\BOOKMARK [1][-]{section.F.4}{\376\377\000M\000o\000d\000e\000l\000\040\000P\000a\000r\000a\000m\000e\000t\000e\000r\000s\000\040\000b\000y\000\040\000P\000h\000a\000s\000e}{appendix.F}% 188
\BOOKMARK [0][-]{appendix.G}{\376\377\000D\000a\000t\000a\000\040\000E\000x\000t\000r\000a\000c\000t\000i\000o\000n\000\040\000F\000o\000r\000m}{}% 189
\BOOKMARK [1][-]{section.G.1}{\376\377\000E\000x\000t\000r\000a\000c\000t\000i\000o\000n\000\040\000P\000r\000o\000m\000p\000t}{appendix.G}% 190
\BOOKMARK [1][-]{section.G.2}{\376\377\000D\000a\000t\000a\000\040\000E\000x\000t\000r\000a\000c\000t\000i\000o\000n\000\040\000F\000o\000r\000m\000\040\000F\000i\000e\000l\000d\000s}{appendix.G}% 191
\BOOKMARK [1][-]{section.G.3}{\376\377\000C\000o\000n\000t\000r\000o\000l\000l\000e\000d\000\040\000V\000o\000c\000a\000b\000u\000l\000a\000r\000y\000\040\000\050\000E\000n\000u\000m\000s\000\051\000\040\000f\000o\000r\000\040\000S\000t\000r\000u\000c\000t\000u\000r\000e\000d\000\040\000O\000u\000t\000p\000u\000t}{appendix.G}% 192
\BOOKMARK [0][-]{appendix.H}{\376\377\000A\000s\000s\000e\000s\000s\000m\000e\000n\000t\000\040\000a\000n\000d\000\040\000C\000l\000a\000s\000s\000i\000f\000i\000c\000a\000t\000i\000o\000n\000\040\000I\000n\000s\000t\000r\000u\000m\000e\000n\000t\000s}{}% 193
\BOOKMARK [1][-]{section.H.1}{\376\377\000P\000r\000i\000o\000r\000i\000t\000y\000\040\000B\000a\000n\000d\000s\000\040\000f\000o\000r\000\040\000t\000h\000e\000\040\000F\000u\000l\000l\000-\000T\000e\000x\000t\000\040\000Q\000u\000e\000u\000e}{appendix.H}% 194
\BOOKMARK [1][-]{section.H.2}{\376\377\000A\000b\000s\000t\000r\000a\000c\000t\000\040\000E\000n\000r\000i\000c\000h\000m\000e\000n\000t\000\040\000A\000l\000g\000o\000r\000i\000t\000h\000m}{appendix.H}% 195
\BOOKMARK [1][-]{section.H.3}{\376\377\000Q\000u\000a\000l\000i\000t\000y\000\040\000A\000s\000s\000e\000s\000s\000m\000e\000n\000t\000\040\000C\000h\000e\000c\000k\000l\000i\000s\000t}{appendix.H}% 196
\BOOKMARK [1][-]{section.H.4}{\376\377\000C\000o\000n\000t\000r\000o\000l\000\040\000P\000a\000p\000e\000r\000\040\000S\000e\000t}{appendix.H}% 197
\BOOKMARK [1][-]{section.H.5}{\376\377\000S\000P\000M\000F\000\040\000I\000n\000t\000e\000g\000r\000a\000t\000i\000o\000n\000-\000L\000e\000v\000e\000l\000\040\000T\000a\000x\000o\000n\000o\000m\000y}{appendix.H}% 198
\BOOKMARK [0][-]{appendix.I}{\376\377\000R\000e\000a\000d\000i\000n\000g\000\040\000L\000i\000s\000t\000\040\000a\000n\000d\000\040\000P\000i\000p\000e\000l\000i\000n\000e\000\040\000A\000r\000t\000e\000f\000a\000c\000t\000s}{}% 199
\BOOKMARK [1][-]{section.I.1}{\376\377\000M\000u\000l\000t\000i\000-\000c\000r\000i\000t\000e\000r\000i\000o\000n\000\040\000S\000c\000o\000r\000i\000n\000g\000\040\000R\000u\000b\000r\000i\000c}{appendix.I}% 200
\BOOKMARK [1][-]{section.I.2}{\376\377\000T\000o\000p\000-\0003\0002\000:\000\040\000R\000a\000n\000k\000e\000d\000\040\000R\000e\000a\000d\000i\000n\000g\000\040\000L\000i\000s\000t}{appendix.I}% 201
\BOOKMARK [1][-]{section.I.3}{\376\377\000R\000e\000v\000i\000e\000w\000\040\000P\000i\000p\000e\000l\000i\000n\000e\000\040\000S\000c\000r\000i\000p\000t\000s}{appendix.I}% 202
\BOOKMARK [1][-]{section.I.4}{\376\377\000P\000e\000r\000s\000i\000s\000t\000e\000n\000t\000\040\000A\000r\000t\000e\000f\000a\000c\000t\000\040\000R\000e\000g\000i\000s\000t\000r\000y}{appendix.I}% 203
\BOOKMARK [0][-]{appendix.J}{\376\377\000E\000v\000a\000l\000u\000a\000t\000i\000o\000n\000\040\000D\000a\000t\000a\000s\000e\000t\000:\000\040\000R\000e\000p\000o\000s\000i\000t\000o\000r\000y\000\040\000L\000i\000s\000t}{}% 204
\BOOKMARK [1][-]{section.J.1}{\376\377\000S\000t\000r\000a\000t\000i\000f\000i\000c\000a\000t\000i\000o\000n\000\040\000S\000u\000m\000m\000a\000r\000y}{appendix.J}% 205
\BOOKMARK [1][-]{section.J.2}{\376\377\000C\000o\000m\000p\000l\000e\000t\000e\000\040\000R\000e\000p\000o\000s\000i\000t\000o\000r\000y\000\040\000L\000i\000s\000t}{appendix.J}% 206
